// Jest Snapshot v1, https://goo.gl/fbAQLP

exports[`<Onboarding /> matches snapshot 1`] = `
<RCTSafeAreaView
  emulateUnlessSupported={true}
  style={
    [
      {
        "flex": 1,
        "paddingTop": "10%",
      },
      {
        "backgroundColor": "#FFFFFF",
      },
    ]
  }
>
  <View
    style={
      [
        {
          "flex": 1,
          "marginTop": "50%",
        },
        {
          "backgroundColor": "#FFFFFF",
        },
      ]
    }
  >
    <RCTScrollView
      decelerationRate="fast"
      horizontal={true}
      onScroll={[Function]}
      pagingEnabled={true}
      scrollEventThrottle={32}
      showsHorizontalScrollIndicator={false}
    >
      <View>
        <View
          style={
            [
              {
                "marginHorizontal": 30,
                "width": 690,
              },
              {
                "backgroundColor": "#FFFFFF",
              },
            ]
          }
        >
          <Image
            source={1}
            style={
              {
                "borderRadius": 15,
                "height": "40%",
                "marginBottom": 43,
                "width": "100%",
              }
            }
          />
          <Text
            style={
              [
                {
                  "fontFamily": "poppins-bold",
                  "fontSize": 22,
                  "lineHeight": 33,
                },
                {
                  "color": "#585757",
                },
                {
                  "paddingHorizontal": 30,
                  "textAlign": "center",
                },
              ]
            }
          >
            Xplorify focuses on project-based learning
          </Text>
        </View>
        <View
          style={
            [
              {
                "marginHorizontal": 30,
                "width": 690,
              },
              {
                "backgroundColor": "#FFFFFF",
              },
            ]
          }
        >
          <Image
            source={1}
            style={
              {
                "borderRadius": 15,
                "height": "40%",
                "marginBottom": 43,
                "width": "100%",
              }
            }
          />
          <Text
            style={
              [
                {
                  "fontFamily": "poppins-bold",
                  "fontSize": 22,
                  "lineHeight": 33,
                },
                {
                  "color": "#585757",
                },
                {
                  "paddingHorizontal": 30,
                  "textAlign": "center",
                },
              ]
            }
          >
            Discover or create your own amazing project ideas
          </Text>
        </View>
        <View
          style={
            [
              {
                "marginHorizontal": 30,
                "width": 690,
              },
              {
                "backgroundColor": "#FFFFFF",
              },
            ]
          }
        >
          <Image
            source={1}
            style={
              {
                "borderRadius": 15,
                "height": "40%",
                "marginBottom": 43,
                "width": "100%",
              }
            }
          />
          <Text
            style={
              [
                {
                  "fontFamily": "poppins-bold",
                  "fontSize": 22,
                  "lineHeight": 33,
                },
                {
                  "color": "#585757",
                },
                {
                  "paddingHorizontal": 30,
                  "textAlign": "center",
                },
              ]
            }
          >
            Communicate with your team members in real-time
          </Text>
        </View>
        <View
          style={
            [
              {
                "marginHorizontal": 30,
                "width": 690,
              },
              {
                "backgroundColor": "#FFFFFF",
              },
            ]
          }
        >
          <Image
            source={1}
            style={
              {
                "borderRadius": 15,
                "height": "40%",
                "marginBottom": 43,
                "width": "100%",
              }
            }
          />
          <Text
            style={
              [
                {
                  "fontFamily": "poppins-bold",
                  "fontSize": 22,
                  "lineHeight": 33,
                },
                {
                  "color": "#585757",
                },
                {
                  "paddingHorizontal": 30,
                  "textAlign": "center",
                },
              ]
            }
          >
            Earn rewards upon project completion
          </Text>
        </View>
        <View
          style={
            [
              {
                "marginHorizontal": 30,
                "width": 690,
              },
              {
                "backgroundColor": "#FFFFFF",
              },
            ]
          }
        >
          <Image
            source={1}
            style={
              {
                "borderRadius": 15,
                "height": "40%",
                "marginBottom": 43,
                "width": "100%",
              }
            }
          />
          <Text
            style={
              [
                {
                  "fontFamily": "poppins-bold",
                  "fontSize": 22,
                  "lineHeight": 33,
                },
                {
                  "color": "#585757",
                },
                {
                  "paddingHorizontal": 30,
                  "textAlign": "center",
                },
              ]
            }
          >
            Stay engaged with the leaderboard
          </Text>
          <View
            style={
              [
                {
                  "flexDirection": "row",
                  "justifyContent": "center",
                  "marginTop": 50,
                },
                {
                  "backgroundColor": "#FFFFFF",
                },
              ]
            }
          >
            <View
              accessible={true}
              collapsable={false}
              focusable={true}
              onClick={[Function]}
              onResponderGrant={[Function]}
              onResponderMove={[Function]}
              onResponderRelease={[Function]}
              onResponderTerminate={[Function]}
              onResponderTerminationRequest={[Function]}
              onStartShouldSetResponder={[Function]}
              style={
                {
                  "backgroundColor": "#024089",
                  "borderRadius": 25,
                  "opacity": 1,
                  "paddingVertical": 16,
                  "width": 250,
                }
              }
            >
              <Text
                style={
                  [
                    {
                      "fontFamily": "poppins-regular",
                      "fontSize": 12,
                      "lineHeight": 18,
                    },
                    {
                      "color": "#585757",
                    },
                    {
                      "color": "white",
                      "textAlign": "center",
                    },
                  ]
                }
              >
                Get Started
              </Text>
            </View>
          </View>
        </View>
      </View>
    </RCTScrollView>
    <View
      style={
        [
          {
            "alignItems": "center",
            "flexDirection": "row",
            "justifyContent": "space-between",
            "marginBottom": 20,
            "paddingHorizontal": 40,
          },
          {
            "backgroundColor": "#FFFFFF",
          },
        ]
      }
    >
      <View
        style={
          [
            undefined,
            {
              "backgroundColor": "#FFFFFF",
            },
          ]
        }
      >
        <View
          style={
            [
              {
                "bottom": 0,
                "flexDirection": "row",
                "marginLeft": 5,
                "position": "relative",
              },
              {
                "backgroundColor": "#FFFFFF",
              },
            ]
          }
        >
          <View>
            <View
              style={
                [
                  {
                    "borderRadius": 10,
                    "height": 8,
                    "marginHorizontal": 5,
                    "width": 8,
                  },
                  {
                    "backgroundColor": "#E8E8E8",
                  },
                ]
              }
            />
          </View>
          <View>
            <View
              style={
                [
                  {
                    "borderRadius": 10,
                    "height": 8,
                    "marginHorizontal": 5,
                    "width": 8,
                  },
                  {
                    "backgroundColor": "#E8E8E8",
                  },
                ]
              }
            />
          </View>
          <View>
            <View
              style={
                [
                  {
                    "borderRadius": 10,
                    "height": 8,
                    "marginHorizontal": 5,
                    "width": 8,
                  },
                  {
                    "backgroundColor": "#E8E8E8",
                  },
                ]
              }
            />
          </View>
          <View>
            <View
              style={
                [
                  {
                    "borderRadius": 10,
                    "height": 8,
                    "marginHorizontal": 5,
                    "width": 8,
                  },
                  {
                    "backgroundColor": "#E8E8E8",
                  },
                ]
              }
            />
          </View>
          <View>
            <View
              style={
                [
                  {
                    "borderRadius": 10,
                    "height": 8,
                    "marginHorizontal": 5,
                    "width": 8,
                  },
                  {
                    "backgroundColor": "#E8E8E8",
                  },
                ]
              }
            />
          </View>
        </View>
        <View>
          <View
            collapsable={false}
            style={
              {
                "backgroundColor": "#024089",
                "borderRadius": 10,
                "bottom": 0,
                "height": 8,
                "marginHorizontal": 5,
                "position": "absolute",
                "transform": [
                  {
                    "translateX": 0,
                  },
                ],
                "width": 18,
              }
            }
          />
        </View>
      </View>
      <View
        style={
          {
            "paddingVertical": 10,
          }
        }
      >
        <View
          accessible={true}
          collapsable={false}
          focusable={true}
          onClick={[Function]}
          onResponderGrant={[Function]}
          onResponderMove={[Function]}
          onResponderRelease={[Function]}
          onResponderTerminate={[Function]}
          onResponderTerminationRequest={[Function]}
          onStartShouldSetResponder={[Function]}
          style={
            {
              "opacity": 1,
            }
          }
        >
          <Text
            style={
              [
                {
                  "fontFamily": "poppins-regular",
                  "fontSize": 14,
                  "lineHeight": 21,
                },
                {
                  "color": "#585757",
                },
                undefined,
              ]
            }
          >
            SKIP
          </Text>
        </View>
      </View>
    </View>
  </View>
</RCTSafeAreaView>
`;
